Error: failed to get partition descriptor: no objects in image
