-----BEGIN PGP SIGNED MESSAGE-----
Hash: SHA256

{"version":1,"header":{"digest":"sha1:86696357e7806b51baf75fc0bf9b8fc677e5cdd0"},"objects":[{"relativeId":0,"descriptorDigest":"sha1:1406a1a9c75a332fc50cb8519a9a7f9f2531480e","objectDigest":"sha1:15146b9bf4f1f5f9bf176a398d8c4f0321c63064"}]}
-----BEGIN PGP SIGNATURE-----

wsBzBAEBCAAnBQJZr0CRCZCiDCfuf/e6hBahBBIEXIwLEATQWN5L7aIMJ+5/97qE
AADnnQf9Hg3NlpmFEhb1ZEMATs9MXLW9fuznwDT5lL6MenyRBwpkk7nk62HsdQ7Y
Xcq7463njwLPJ+F9ugpFhLqkoUxCjwPiSk7K3yLH4BafToT6VTR75n4CoCE1fPLI
JiNgfOcOp6xHJMN+8UVszLEQBaqCKH4Mi/ebIQr7t88co7KPOBwljDZvvZU2U0ny
Uzn525D3/s0vZ268wOQTxXVsDzU5oThfjGLhVJmFlReKMzx7VGBiFIhsRZCSeoK+
0K98kV5cOvmhPLlqd8ECUloVlZl3IG6iYtrw/+44tsBXJf7u98G7b9T0324Q29KH
0EeebgFhw+Lyr0Ab+8HrIyEb9v+08Q==
=LbLR
-----END PGP SIGNATURE-----