-----BEGIN PGP SIGNED MESSAGE-----
Hash: SHA256

{"version":1,"header":{"digest":"sha1:ada68a4647c332f3b89905972c28432bf8dfbe91"},"objects":[{"relativeId":1,"descriptorDigest":"sha1:253db147368626e683190e6e406c802eb2267697","objectDigest":"sha1:d78f8bb992a56a597f6c7a1fb918bb78271367eb"}]}
-----BEGIN PGP SIGNATURE-----

wsBzBAEBCAAnBQJZr0CRCRCiDCfuf/e6hBYhBBIEXIwLEATQWN5L7aIMJ+5/97qE
AAAJLQf/eEoUKQDgABlyC6v09py6ezG8m3IdSvu1AJVSMQXeuvM0rlh58ZA3juq+
DsshevYtu5wE3FZ0rak9DKmc6+0GKxYTvs2D7cr/RzeNXGY50sDy1A4M2MZWF5t5
K1N6tbvVoCE9lrRn5nHpPrXsXOTz1A1jUdqcGmDdaud7lz3oXU57XUUn7J1T2clm
MxPFB1eBYhi1YBndhjij6kjZazlQ011ZupUt54BS9KFhfIiPtYuaO3PmSeWWghnC
LbFSlpKK8Acb0PkOt4VbkirbfsmSKIdbcBWnqNSrP2QrcZsU+cpdfc0GsSDrLNFJ
JpQ8NRxJuXyVnGOeMNA0CFWuJutong==
=3PxI
-----END PGP SIGNATURE-----