Launch:   #!/usr/bin/env run-singularity
Version:  01
Arch:     386
ID:       6ecc76b7-a497-4f7f-9ebd-8da2a04c6be1
Ctime:    2020-05-22 19:30:59 +0000 UTC
Mtime:    2020-05-22 19:30:59 +0000 UTC
Dfree:    46
Dtotal:   48
Descoff:  4096
Descrlen: 27 KiB
Dataoff:  32768
Datalen:  4 KiB
