Usage:
  siftool [command]

Available Commands:
  add         Add a data object to a SIF file
  del         Delete a specified object descriptor and data from SIF file
  dump        Extract and output data objects from SIF files
  header      Display SIF global headers
  help        Help about any command
  info        Display detailed information of object descriptors
  list        List object descriptors from SIF files
  new         Create a new empty SIF image file
  setprim     Set primary system partition

Flags:
  -h, --help   help for siftool

Use "siftool [command] --help" for more information about a command.
