-----BEGIN PGP SIGNED MESSAGE-----
Hash: SHA256

{"version":1,"header":{"digest":"sha256:635fa0a14a8ef0c0351ed3e985799ed1d4f75ce973dea3cc76c99710795cc3f1"},"objects":[{"relativeId":0,"descriptorDigest":"sha256:3634ad01db0dd5482ecf685267b53d6201690438ca27c3d7ea91c971a1f41f92","objectDigest":"sha256:004dfc8da678c309de28b5386a1e9efd57f536b150c40d29b31506aa0fb17ec2"},{"relativeId":1,"descriptorDigest":"sha256:db74cb63348414def73535c9f0f83e8ad7df61229ed2806f4da8b69d6d7464d6","objectDigest":"sha256:5f78c33274e43fa9de5659265c1d917e25c03722dcb0b8d27db8d5feaa813953"}]}
-----BEGIN PGP SIGNATURE-----

wsBzBAEBCAAnBQJe+oD0CZCiDCfuf/e6hBahBBIEXIwLEATQWN5L7aIMJ+5/97qE
AABQ4QgAkWcLNLcghZ96VnJ9+67qbsdwp51rfERCKN0dZLBTHKN5Qjn1BWM/XbPj
Qnl0F6D6YBId7c/KO0sbb3EHUdpmMEQlouQYFOTHWtdyvwO6spRLBx5EQA7Iv0rF
jREz/jC7GaREK94u+hXRr94+FH5gEnHUL+Vg7pW/+cGiwLY1ddoL8ELgYhxqxd9J
sET+vU1E4GJ3TyYFhVFsMsNeW7dQauqjQSJxMLTwXNphxTH19ePbJ2uDE2UJ3fn7
up5ruugRyEe5qgRICGxRSDp8/INGRvoDUi32T9uLORzS+umRX5YW0b6RWD+5R72V
0ewbMTJIx2lpfQGPMWROwcF7nkLdWQ==
=WWGX
-----END PGP SIGNATURE-----