Delete a specified object descriptor and data from SIF file

Usage:
  siftool del <descriptorid> <containerfile>

Flags:
  -h, --help   help for del
