Launch:   #!/usr/bin/env run-singularity

Magic:    SIF_MAGIC
Version:  00
Arch:     amd64
ID:       293e8b11-dbd0-47e6-b0b9-390772c12be8
Ctime:    2018-08-14 07:45:59 +0000 UTC
Mtime:    2018-08-14 07:47:36 +0000 UTC
Dfree:    45
Dtotal:   48
Descoff:  4096
Descrlen: 27KB
Dataoff:  32768
Datalen:  1MB
