{"version":1,"header":{"digest":"sha1:86696357e7806b51baf75fc0bf9b8fc677e5cdd0"},"objects":[{"relativeId":1,"descriptorDigest":"sha1:ddf7e6609fec1f565545207f28d4b39f499d78c5","objectDigest":"sha1:d78f8bb992a56a597f6c7a1fb918bb78271367eb"}]}
