{"version":1,"header":{"digest":"sha1:313bbaf1d5d420d20c968e61447bcffd225a652a"},"objects":[{"relativeId":0,"descriptorDigest":"sha1:2b63769dfb558196043080779cb9c14b5f7f26ae","objectDigest":"sha1:15146b9bf4f1f5f9bf176a398d8c4f0321c63064"}]}
