{"version":1,"header":{"digest":"sha1:86696357e7806b51baf75fc0bf9b8fc677e5cdd0"},"objects":[{"relativeId":0,"descriptorDigest":"sha1:1406a1a9c75a332fc50cb8519a9a7f9f2531480e","objectDigest":"sha1:15146b9bf4f1f5f9bf176a398d8c4f0321c63064"},{"relativeId":1,"descriptorDigest":"sha1:076d6ec6e32a6237d838ba20c825c6caa4c78544","objectDigest":"sha1:fd526afdbdea7c87d81c33314b0e0dbdfa5ba79f"}]}
