{"version":1,"header":{"digest":"sha256:ede69c40a81f3bb34ad0248fa61ab1c413af90455ce55b472adab9a370443c0a"},"objects":[{"relativeId":0,"descriptorDigest":"sha256:59511afc6008d789c6dc03d7446e00cfb3ee3260687643acca8d1d51f212f797","objectDigest":"sha256:004dfc8da678c309de28b5386a1e9efd57f536b150c40d29b31506aa0fb17ec2"},{"relativeId":1,"descriptorDigest":"sha256:be7080b0de694a343a222102966eb02e732a63d28856249e260aed207edf955e","objectDigest":"sha256:5f78c33274e43fa9de5659265c1d917e25c03722dcb0b8d27db8d5feaa813953"}]}
