{"version":1,"header":{"digest":"sha224:88ecbdbaa9bf8410c9362213ddae5e6771fd2525da3eb390300fb666"},"objects":[{"relativeId":0,"descriptorDigest":"sha224:8ac2ffbf24282ce5f49fc591eee1e0a879b0ae2a9fa813b897b94113","objectDigest":"sha224:071bce5faa03c2016d3e1e086ccb60b6ea3cabc493c9aa1013594efd"},{"relativeId":1,"descriptorDigest":"sha224:fc5b7f5b3622982bcebfbb8b3a0d81b6f850228f2ff3631d03deaab6","objectDigest":"sha224:55b9eee5f60cc362ddc07676f620372611e22272f60fdbec94f243f8"}]}
