{"version":1,"header":{"digest":"sha384:92bdcff06f2cde591d8af1f0ab80687e5eccf1dfe8fe7a8a8ef4b80d28bd2c7a77bcc4abfbcfdb3fc84ec7992ed54334"},"objects":[{"relativeId":0,"descriptorDigest":"sha384:ed532e8496b916182a4185a3d12f3a6d4c59d204965ef1a732013d1c05050291ec29b48b06ba100a948468868023fb82","objectDigest":"sha384:f8722c6694c4997334525090678b2148f6263502c3eb144a44e8be0d2bfd039f4067a3f8152f94ab3af7c63acfe78ce6"},{"relativeId":1,"descriptorDigest":"sha384:d06c5144e805d18f8ebbce1eef073dd711ab9a6550e76e1fb9b82e5a822dd83273069d258d099a437461e674f519ef9c","objectDigest":"sha384:0b7e0522460767c74abb4245bc0d3a27209a5aed111059faead54ffc74a93759160ac9642d7a7df3038ece62f2fa9815"}]}
