Set primary system partition

Usage:
  siftool setprim <descriptorid> <containerfile> [flags]

Flags:
  -h, --help   help for setprim
