Version:            01
Created At:         2020-06-30 00:01:56 +0000 UTC
Modified At:        2020-06-30 00:01:56 +0000 UTC
Descriptors Free:   48
Descriptors Total:  48
Descriptors Offset: 4096
Descriptors Size:   27 KiB
Data Offset:        32176
Data Size:          0 B
