-----BEGIN PGP SIGNED MESSAGE-----
Hash: SHA256

{"version":1,"header":{"digest":"sha256:2086c56f4fc4b733d256d56b780a16c3c906578ab4a90158306de17798bc3f82"},"objects":[{"relativeId":0,"descriptorDigest":"sha256:59511afc6008d789c6dc03d7446e00cfb3ee3260687643acca8d1d51f212f797","objectDigest":"sha256:004dfc8da678c309de28b5386a1e9efd57f536b150c40d29b31506aa0fb17ec2"},{"relativeId":1,"descriptorDigest":"sha256:be7080b0de694a343a222102966eb02e732a63d28856249e260aed207edf955e","objectDigest":"sha256:5f78c33274e43fa9de5659265c1d917e25c03722dcb0b8d27db8d5feaa813953"}]}
-----BEGIN PGP SIGNATURE-----

wsBzBAEBCAAnBQJe+oD0CRCiDCfuf/e6hBYhBBIEXIwLEATQWN5L7aIMJ+5/97qE
AAA+GAf+OdIq5cqpMDOkrTaX4PaBN+To+7kYS8nFiN/VhEUqo8UknWiKnHgUq0aB
wfbHXbwClZWdRM7PtScQlLPog8rrR8aVuQPE3TOdCrWIaLwdg/PO/MhpLRZjY9eN
iR5ujUqAUu9YEtwL0VEUjKSA/x+zhdfcESm8i2jNh6AkyTywk2qMl1wX7ZHG6a5+
zxmx//ajCMaPNes0Ga9QWONf6/7V8xnC7AM7hJ/ACJL6hkoQOebWHEvadprJQLAI
Ijod0bhS3AJCFM4+0+wCR0kCUxOvove/CHhZMWZIHOu36B1rhRivlJU3LlozDXes
d7oZp/aJRDLhGw8qp0klYWwa0LuxIA==
=0uKo
-----END PGP SIGNATURE-----