List data objects from a SIF image.

Usage:
  siftool list <sif_path>

Flags:
  -h, --help   help for list
