Create a new, empty SIF image.

Usage:
  siftool new <sif_path>

Flags:
  -h, --help   help for new
