  Datatype:  FS
  ID:        1
  Groupid:   1
  Link:      NONE
  Fileoff:   32768
  Filelen:   4
  Ctime:     2020-06-30 00:01:56 +0000 UTC
  Mtime:     2020-06-30 00:01:56 +0000 UTC
  Name:      .
  Fstype:    Raw
  Parttype:  System
  Arch:      386
