Launch:   #!/usr/bin/env run-singularity
Version:  01
Arch:     unknown
ID:       3fa802cc-358b-45e3-bcc0-69dc7a45f9f8
Ctime:    2020-05-22 19:30:59 +0000 UTC
Mtime:    2020-05-22 19:30:59 +0000 UTC
Dfree:    48
Dtotal:   48
Descoff:  4096
Descrlen: 27 KiB
Dataoff:  32768
Datalen:  0 B
