-----BEGIN PGP SIGNED MESSAGE-----
Hash: SHA224

{"One":1,"Two":2}
-----BEGIN PGP SIGNATURE-----

wsBzBAEBCwAnBQJZr0CRCZCiDCfuf/e6hBYhBBIEXIwLEATQWN5L7aIMJ+5/97qE
AAAUHAf/dqGFWKI+MUyORdqqKsT0WT9sPMgWVJ7ZRdCIxoWC1bXr0FUmhz07LRhz
zoCIz5KNeRG3D3jNfPIp5kbWBV1P/xSQtF5tCz40x2efw+Rf2HVdeYnzJkEeaoFJ
oSNkYjzycSS2V0lOsWf1VylxiLuJR/c/FiyEHz2u+DYUvkpwN+iSDMBMJGwxNskQ
+Wt6X8sUDm/Gf28XjJdPj4fEHrrQZc2XCsuCqUVVt3O4vsTTENVkFh0fPGQhIpZG
U6nx9DA6mEIxoCQPV7poFES5vpw8gp3dGyqAJuOEimhA0yr5P2cNyBWtYVOlfuvq
LK0StjUGYMaZ73txBrtuSaeipVYyyQ==
=xSfK
-----END PGP SIGNATURE-----