Descr slot#: 0
  Datatype:  Def.FILE
  ID:        1
  Used:      true
  Groupid:   1
  Link:      NONE
  Fileoff:   32768
  Filelen:   62
  Ctime:     2018-08-14 07:45:59 +0000 UTC
  Mtime:     2018-08-14 07:45:59 +0000 UTC
  UID:       1002
  Gid:       1002
  Name:      busybox.deffile
