Descr slot#: 2
  Datatype:  Signature
  ID:        3
  Used:      true
  Groupid:   1
  Link:      2
  Fileoff:   1753088
  Filelen:   955
  Ctime:     2018-08-14 07:47:36 +0000 UTC
  Mtime:     2018-08-14 07:47:36 +0000 UTC
  UID:       1002
  Gid:       1002
  Name:      part-signature
  Hashtype:  SHA384
  Entity:    9F2B6C36D999A3E91CB3104720671590C12D4222
