Container id: 3fa802cc-358b-45e3-bcc0-69dc7a45f9f8
Created on:   2020-05-22 19:30:59 +0000 UTC
Modified on:  2020-05-22 19:30:59 +0000 UTC
----------------------------------------------------
Descriptor list:
ID   |GROUP   |LINK    |SIF POSITION (start-end)  |TYPE
------------------------------------------------------------------------------
