{"payloadType":"application/vnd.sylabs.sif-metadata+json","payload":"eyJPbmUiOjEsIlR3byI6Mn0K","signatures":[{"keyid":"SHA256:13cNV0A11AxgIQYCvlDmJlRi0CjRtjnYF47RzrMhlaU","sig":"MEQCIFo8YCnASBqoUCa0T2H2L/crRYxZ9vFkSpbplBYo4IR6AiAUNulVHknRpFlrRWayZLY6vG9WIW5mx/ywLyI90KchQA=="}]}
