Dump a data object from a SIF image.

Usage:
  siftool dump <id> <sif_path>

Flags:
  -h, --help   help for dump
